[b.btcminners.com/index.html]
[backblue.gif]
[fade.gif]
[index.html]
[external.html]
[b.btcminners.com/styles/assets/images/favicon.png]
[b.btcminners.com/styles/assets/bootstrap.min.css]
[b.btcminners.com/styles/assets/animate.css]
[b.btcminners.com/styles/assets/custom_back.css]
[b.btcminners.com/styles/assets/jquery.js]
[b.btcminners.com/styles/assets/wow.js]
[b.btcminners.com/styles/assets/wow.min.js]
[b.btcminners.com/styles/assets/bootstrap.min.js]
[b.btcminners.com/styles/assets/setting.js]
[translate.google.com/translate_a/elementa0d8.js]
[b.btcminners.com/indexc30b.html]
[b.btcminners.com/index.html]
[s3.tradingview.com/external-embedding/embed-widget-ticker-tape.js]
[b.btcminners.com/indexcca3.html]
[b.btcminners.com/styles/assets/bootstrap.min.css]
[b.btcminners.com/styles/assets/animate.css]
[b.btcminners.com/styles/assets/images/select_arrow.png]
[b.btcminners.com/styles/assets/images/bg.png]
[b.btcminners.com/styles/assets/images/logo.png]
[b.btcminners.com/styles/assets/images/bn-bg.png]
[b.btcminners.com/styles/assets/images/ctn-ic1.png]
[b.btcminners.com/styles/assets/images/ctn-ic2.png]
[b.btcminners.com/styles/assets/images/ctn-ic3.png]
[b.btcminners.com/styles/assets/images/ctn-ic4.png]
[b.btcminners.com/styles/assets/images/bg-cal.png]
[b.btcminners.com/styles/assets/images/about-img.png]
[b.btcminners.com/styles/assets/images/call-img.png]
[b.btcminners.com/styles/assets/images/call-img1.png]
[b.btcminners.com/styles/assets/images/ctn-icon2.png]
[b.btcminners.com/styles/assets/images/ctn-tf1.png]
[b.btcminners.com/styles/assets/images/ctn-tf2.png]
[b.btcminners.com/styles/assets/images/ctn-tf3.png]
[b.btcminners.com/styles/assets/images/ctn-tf4.png]
[b.btcminners.com/styles/assets/images/ctn-tf5.png]
[b.btcminners.com/styles/assets/images/ctn-tf6.png]
[b.btcminners.com/styles/assets/images/ctn-bg.png]
[b.btcminners.com/styles/assets/images/bg1.jpg]
[b.btcminners.com/styles/assets/images/call-ic1.png]
[b.btcminners.com/styles/assets/images/solid.png]
[b.btcminners.com/styles/assets/images/faq_plus.png]
[b.btcminners.com/styles/assets/images/faq_minus.png]
[b.btcminners.com/styles/assets/custom_back.css]
[b.btcminners.com/indexc30b.html]
[b.btcminners.com/indexcca3.html]
[b.btcminners.com/styles/fonts/glyphicons-halflings-regular.html]
[b.btcminners.com/styles/fonts/glyphicons-halflings-regulard41dd41dd41d.html]
[b.btcminners.com/styles/fonts/glyphicons-halflings-regular-2.html]
[b.btcminners.com/styles/fonts/glyphicons-halflings-regular-3.html]
[b.btcminners.com/styles/fonts/glyphicons-halflings-regular-4.html]
[b.btcminners.com/styles/assets/images/contactemail.png]
[b.btcminners.com/index8083.html]
[b.btcminners.com/styles/assets/images/loginpageright.png]
[b.btcminners.com/indexa972.html]
[b.btcminners.com/indexbc14.html]
[b.btcminners.com/styles/assets/images/call-ic2.png]
[b.btcminners.com/index8083.html]
[b.btcminners.com/index9d6a.html]
[b.btcminners.com/index38cd.html]
[b.btcminners.com/styles/assets/custom.css]
[b.btcminners.com/indexe47e.html]
[b.btcminners.com/index058e.html]
[b.btcminners.com/index15a0.html]
[b.btcminners.com/indexda66.html]
[b.btcminners.com/styles/assets/hover.css]
[ajax.googleapis.com/ajax/libs/jquery/1.8.2/jquery.min.js]
[b.btcminners.com/index7aed.html]
[b.btcminners.com/indexa972.html]
[b.btcminners.com/indexbc14.html]
[b.btcminners.com/indexe47e.html]
[maxcdn.bootstrapcdn.com/font-awesome/4.6.2/css/font-awesome.min.css]
[b.btcminners.com/index56ca.html]
[b.btcminners.com/index38cd.html]
[b.btcminners.com/index9d6a.html]
[b.btcminners.com/styles/assets/images/ref_left_icon.png]
[b.btcminners.com/index2017.html]
[b.btcminners.com/styles/assets/images/ref_right_icon.png]
[b.btcminners.com/index058e.html]
[b.btcminners.com/index15a0.html]
[b.btcminners.com/indexda66.html]
[b.btcminners.com/index56ca.html]
[b.btcminners.com/index7aed.html]
[b.btcminners.com/styles/assets/images/logo1.png]
[b.btcminners.com/styles/assets/images/icon_mess.png]
[b.btcminners.com/styles/assets/images/icon_face.png]
[b.btcminners.com/styles/assets/images/icon_sky.png]
[b.btcminners.com/styles/assets/images/bg.jpg]
[b.btcminners.com/styles/assets/images/icon_get.png]
[b.btcminners.com/styles/assets/images/icon_tick.png]
[b.btcminners.com/styles/assets/images/icon_calcu.png]
[b.btcminners.com/styles/assets/images/img_wel.png]
[b.btcminners.com/styles/assets/images/icon_gree.png]
[b.btcminners.com/styles/assets/images/icon_uk.png]
[b.btcminners.com/styles/assets/images/icon_gc.png]
[b.btcminners.com/styles/assets/images/icon_ins.png]
[b.btcminners.com/styles/assets/images/icon_st1.png]
[b.btcminners.com/styles/assets/images/icon_st2.png]
[b.btcminners.com/styles/assets/images/icon_st3.png]
[b.btcminners.com/styles/assets/images/icon_st4.png]
[b.btcminners.com/styles/assets/images/icon_st5.png]
[b.btcminners.com/styles/assets/images/icon_st6.png]
[b.btcminners.com/styles/assets/images/icon_st7.png]
[b.btcminners.com/styles/assets/images/icon_st8.png]
[b.btcminners.com/styles/assets/images/icon_st9.png]
[b.btcminners.com/styles/assets/images/payment.png]
[b.btcminners.com/styles/assets/images/advcash.png]
[b.btcminners.com/styles/assets/images/icon_face2.png]
[b.btcminners.com/styles/assets/images/icon_twi2.png]
[b.btcminners.com/styles/assets/images/icon_limi.png]
[b.btcminners.com/styles/assets/images/bg_title_acc.png]
[b.btcminners.com/styles/assets/images/icon_user.png]
[b.btcminners.com/styles/assets/images/icon_title_ac.png]
[b.btcminners.com/styles/assets/images/icon_menu_acc1.png]
[b.btcminners.com/styles/assets/images/icon_menu_acc2.png]
[b.btcminners.com/styles/assets/images/icon_menu_acc3.png]
[b.btcminners.com/styles/assets/images/icon_menu_acc4.png]
[b.btcminners.com/styles/assets/images/icon_menu_acc5.png]
[b.btcminners.com/styles/assets/images/icon_menu_acc6.png]
[b.btcminners.com/styles/assets/images/icon_menu_acc7.png]
[b.btcminners.com/styles/assets/images/icon_menu_acc8.png]
[b.btcminners.com/styles/assets/images/icon_acc_right1.png]
[b.btcminners.com/styles/assets/images/icon_acc_right2.png]
[b.btcminners.com/styles/assets/images/icon_acc_right3.png]
[b.btcminners.com/styles/assets/images/icon_acc_right4.png]
[b.btcminners.com/styles/assets/images/icon_acc_right5.png]
[b.btcminners.com/styles/assets/images/icon_acc_right6.png]
[b.btcminners.com/styles/assets/images/icon_acc_right7.png]
[b.btcminners.com/styles/assets/images/affiliates.png]
[b.btcminners.com/styles/assets/images/address.png]
[b.btcminners.com/styles/assets/custom.css]
[b.btcminners.com/styles/assets/hover.css]
[maxcdn.bootstrapcdn.com/font-awesome/4.6.2/css/font-awesome.min.css]
[b.btcminners.com/indexcca3cca3.html]
[b.btcminners.com/index80838083.html]
[b.btcminners.com/index2017.html]
[b.btcminners.com/indexbc14bc14.html]
[b.btcminners.com/styles/assets/images/bg2.html]
